// Jest Snapshot v1, https://goo.gl/fbAQLP

exports[`IssueListItem should render an issue list item with needed props 1`] = `
{
  "asFragment": [Function],
  "baseElement": <body>
    <div>
      <li
        class="IssueListItem"
      >
        <div
          class="Wrapper"
        >
          <span
            class="Badge"
            data-is-open="true"
            data-testid="badge"
          >
            OPEN
          </span>
          <h3>
            title
          </h3>
          <div
            class="AuthorBox"
          >
            <span>
              Authored By 
              <b>
                login_user
              </b>
               on 
              <b>
                2022-10-03T08:57:06Z
              </b>
            </span>
            <div
              class="Avatar"
            >
              <span
                style="box-sizing: border-box; display: inline-block; overflow: hidden; background: none; opacity: 1; border: 0px; margin: 0px; padding: 0px; position: relative; max-width: 100%;"
              >
                <span
                  style="box-sizing: border-box; display: block; background: none; opacity: 1; border: 0px; margin: 0px; padding: 0px; max-width: 100%;"
                >
                  <img
                    alt=""
                    aria-hidden="true"
                    src="data:image/svg+xml,%3csvg%20xmlns=%27http://www.w3.org/2000/svg%27%20version=%271.1%27%20width=%2750%27%20height=%2750%27/%3e"
                    style="display: block; max-width: 100%; background: none; opacity: 1; border: 0px; margin: 0px; padding: 0px;"
                  />
                </span>
                <img
                  alt="login_user"
                  data-nimg="intrinsic"
                  data-testid="avatar-https://avatars.githubusercontent.com/u/9398934?v=4"
                  decoding="async"
                  src="data:image/gif;base64,R0lGODlhAQABAIAAAAAAAP///yH5BAEAAAAALAAAAAABAAEAAAIBRAA7"
                  style="position: absolute; top: 0px; left: 0px; bottom: 0px; right: 0px; box-sizing: border-box; padding: 0px; margin: auto; display: block; width: 0px; height: 0px; min-width: 100%; max-width: 100%; min-height: 100%; max-height: 100%;"
                />
                <noscript />
              </span>
            </div>
          </div>
        </div>
      </li>
    </div>
  </body>,
  "container": <div>
    <li
      class="IssueListItem"
    >
      <div
        class="Wrapper"
      >
        <span
          class="Badge"
          data-is-open="true"
          data-testid="badge"
        >
          OPEN
        </span>
        <h3>
          title
        </h3>
        <div
          class="AuthorBox"
        >
          <span>
            Authored By 
            <b>
              login_user
            </b>
             on 
            <b>
              2022-10-03T08:57:06Z
            </b>
          </span>
          <div
            class="Avatar"
          >
            <span
              style="box-sizing: border-box; display: inline-block; overflow: hidden; background: none; opacity: 1; border: 0px; margin: 0px; padding: 0px; position: relative; max-width: 100%;"
            >
              <span
                style="box-sizing: border-box; display: block; background: none; opacity: 1; border: 0px; margin: 0px; padding: 0px; max-width: 100%;"
              >
                <img
                  alt=""
                  aria-hidden="true"
                  src="data:image/svg+xml,%3csvg%20xmlns=%27http://www.w3.org/2000/svg%27%20version=%271.1%27%20width=%2750%27%20height=%2750%27/%3e"
                  style="display: block; max-width: 100%; background: none; opacity: 1; border: 0px; margin: 0px; padding: 0px;"
                />
              </span>
              <img
                alt="login_user"
                data-nimg="intrinsic"
                data-testid="avatar-https://avatars.githubusercontent.com/u/9398934?v=4"
                decoding="async"
                src="data:image/gif;base64,R0lGODlhAQABAIAAAAAAAP///yH5BAEAAAAALAAAAAABAAEAAAIBRAA7"
                style="position: absolute; top: 0px; left: 0px; bottom: 0px; right: 0px; box-sizing: border-box; padding: 0px; margin: auto; display: block; width: 0px; height: 0px; min-width: 100%; max-width: 100%; min-height: 100%; max-height: 100%;"
              />
              <noscript />
            </span>
          </div>
        </div>
      </div>
    </li>
  </div>,
  "debug": [Function],
  "findAllByAltText": [Function],
  "findAllByDisplayValue": [Function],
  "findAllByLabelText": [Function],
  "findAllByPlaceholderText": [Function],
  "findAllByRole": [Function],
  "findAllByTestId": [Function],
  "findAllByText": [Function],
  "findAllByTitle": [Function],
  "findByAltText": [Function],
  "findByDisplayValue": [Function],
  "findByLabelText": [Function],
  "findByPlaceholderText": [Function],
  "findByRole": [Function],
  "findByTestId": [Function],
  "findByText": [Function],
  "findByTitle": [Function],
  "getAllByAltText": [Function],
  "getAllByDisplayValue": [Function],
  "getAllByLabelText": [Function],
  "getAllByPlaceholderText": [Function],
  "getAllByRole": [Function],
  "getAllByTestId": [Function],
  "getAllByText": [Function],
  "getAllByTitle": [Function],
  "getByAltText": [Function],
  "getByDisplayValue": [Function],
  "getByLabelText": [Function],
  "getByPlaceholderText": [Function],
  "getByRole": [Function],
  "getByTestId": [Function],
  "getByText": [Function],
  "getByTitle": [Function],
  "queryAllByAltText": [Function],
  "queryAllByDisplayValue": [Function],
  "queryAllByLabelText": [Function],
  "queryAllByPlaceholderText": [Function],
  "queryAllByRole": [Function],
  "queryAllByTestId": [Function],
  "queryAllByText": [Function],
  "queryAllByTitle": [Function],
  "queryByAltText": [Function],
  "queryByDisplayValue": [Function],
  "queryByLabelText": [Function],
  "queryByPlaceholderText": [Function],
  "queryByRole": [Function],
  "queryByTestId": [Function],
  "queryByText": [Function],
  "queryByTitle": [Function],
  "rerender": [Function],
  "unmount": [Function],
}
`;
